// Jest Snapshot v1, https://goo.gl/fbAQLP

exports[`UserRepository renders UserRepository unchanged 1`] = `
<div>
  <div
    class="w-full flex flex-col p-3 rounded-md bg-slate-300 min-w-[200px] shadow-sm"
  >
    <div
      class="flex flex-col min-[370px]:flex-row align-center justify-between"
    >
      <div
        class="text-lg font-bold text-gray-900"
      >
        Test Repo
      </div>
      <div
        class="text-sm text-gray-500 self-center flex flex-row gap-1 items-center"
      >
        42
        <svg
          fill="currentColor"
          height="16"
          viewBox="0 0 20 20"
          width="16"
          xmlns="http://www.w3.org/2000/svg"
        >
          <path
            clip-rule="evenodd"
            d="M9.049 2.927c.3-.921 1.603-.921 1.902 0l1.07 3.292a1 1 0 00.95.69h3.462c.969 0 1.371 1.24.588 1.81l-2.8 2.034a1 1 0 00-.364 1.118l1.07 3.292c.3.921-.755 1.688-1.54 1.118l-2.8-2.034a1 1 0 00-1.175 0l-2.8 2.034c-.784.57-1.838-.197-1.539-1.118l1.07-3.292a1 1 0 00-.364-1.118L2.98 8.72c-.783-.57-.38-1.81.588-1.81h3.461a1 1 0 00.951-.69l1.07-3.292z"
            fill-rule="evenodd"
          />
        </svg>
      </div>
    </div>
    <div
      class="text-sm text-gray-500"
    >
      A test repository
    </div>
    <div
      class="h-2"
    />
    <div
      class="flex flex-row items-center place-self-end text-sm text-gray-500 gap-2 hover:text-gray-700 cursor-pointer overflow-x-hidden"
      title="opens in new browser tab"
    >
      <svg
        height="20"
        viewBox="0 0 98 98"
        width="20"
        xmlns="http://www.w3.org/2000/svg"
      >
        <path
          clip-rule="evenodd"
          d="M48.854 0C21.839 0 0 22 0 49.217c0 21.756 13.993 40.172 33.405 46.69 2.427.49 3.316-1.059 3.316-2.362 0-1.141-.08-5.052-.08-9.127-13.59 2.934-16.42-5.867-16.42-5.867-2.184-5.704-5.42-7.17-5.42-7.17-4.448-3.015.324-3.015.324-3.015 4.934.326 7.523 5.052 7.523 5.052 4.367 7.496 11.404 5.378 14.235 4.074.404-3.178 1.699-5.378 3.074-6.6-10.839-1.141-22.243-5.378-22.243-24.283 0-5.378 1.94-9.778 5.014-13.2-.485-1.222-2.184-6.275.486-13.038 0 0 4.125-1.304 13.426 5.052a46.97 46.97 0 0 1 12.214-1.63c4.125 0 8.33.571 12.213 1.63 9.302-6.356 13.427-5.052 13.427-5.052 2.67 6.763.97 11.816.485 13.038 3.155 3.422 5.015 7.822 5.015 13.2 0 18.905-11.404 23.06-22.324 24.283 1.78 1.548 3.316 4.481 3.316 9.126 0 6.6-.08 11.897-.08 13.526 0 1.304.89 2.853 3.316 2.364 19.412-6.52 33.405-24.935 33.405-46.691C97.707 22 75.788 0 48.854 0z"
          fill="currentColor"
          fill-rule="evenodd"
        />
      </svg>
      testuser/test-repo
    </div>
  </div>
</div>
`;
