// Jest Snapshot v1, https://goo.gl/fbAQLP

exports[`Button renders Button unchanged 1`] = `
<div>
  <button
    class="bg-sky-500 bg-gradient-to-br from-sky-300 to-sky-500 hover:to-sky-600 active:to-sky-700 text-white shadow-sm font-bold py-2 px-4 rounded-md focus:outline-none focus:shadow-outline disabled:from-sky-100 disabled:to-sky-200 disabled:cursor-no-drop"
    type="button"
  />
</div>
`;
