// Jest Snapshot v1, https://goo.gl/fbAQLP

exports[`SearchBar renders SearchBar unchanged 1`] = `
<div>
  <div
    class="w-full flex flex-col sm:flex-row gap-1"
  >
    <div
      class="relative w-full"
    >
      <div
        class="absolute h-10 w-10 px-2 flex items-center"
      >
        <svg
          class="text-gray-600"
          fill="none"
          height="24"
          stroke="currentColor"
          viewBox="0 0 24 24"
          width="24"
          xmlns="http://www.w3.org/2000/svg"
        >
          <path
            d="M21 21l-6-6m2-5a7 7 0 11-14 0 7 7 0 0114 0z"
            stroke-linecap="round"
            stroke-linejoin="round"
            stroke-width="1"
          />
        </svg>
      </div>
      <input
        autocapitalize="off"
        autocomplete="off"
        autocorrect="off"
        class="bg-gray-100 rounded-md border border-gray-300 py-2 px-4 pl-10 block w-full outline-none focus:shadow hover:border-gray-400 focus:border:gray-400"
        placeholder="Search username"
        spellcheck="false"
        type="text"
        value=""
      />
    </div>
    <button
      class="bg-sky-500 bg-gradient-to-br from-sky-300 to-sky-500 hover:to-sky-600 active:to-sky-700 text-white shadow-sm font-bold py-2 px-4 rounded-md focus:outline-none focus:shadow-outline disabled:from-sky-100 disabled:to-sky-200 disabled:cursor-no-drop"
      disabled=""
      type="button"
    >
      Search
    </button>
  </div>
</div>
`;
