// Jest Snapshot v1, https://goo.gl/fbAQLP

exports[`Header renders Header unchanged 1`] = `
<div>
  <header
    class="w-full p-4"
  >
    <div
      class="container flex flex-col m-auto pt-0 md:pt-14 lg:pt-28 items-center mb-4 sm:mb-8 md:mb-20 transition ease-in-out duration-200"
    >
      <h1
        class="text-3xl font-extrabold tracking-tight text-gray-500 max-[370px]:font-bold max-[370px]:text-[1.2rem] sm:text-[3rem] md:text-[4rem] lg:text-[5rem]"
      >
        Simple 
        <span
          class="text-sky-500"
        >
          GitHub
        </span>
         Explorer
      </h1>
    </div>
    <div
      class="max-w-3xl m-auto flex flex-col sm:flex-row items-center gap-4"
    >
      <div
        class="w-full flex flex-col sm:flex-row gap-1"
      >
        <div
          class="relative w-full"
        >
          <div
            class="absolute h-10 w-10 px-2 flex items-center"
          >
            <svg
              class="text-gray-600"
              fill="none"
              height="24"
              stroke="currentColor"
              viewBox="0 0 24 24"
              width="24"
              xmlns="http://www.w3.org/2000/svg"
            >
              <path
                d="M21 21l-6-6m2-5a7 7 0 11-14 0 7 7 0 0114 0z"
                stroke-linecap="round"
                stroke-linejoin="round"
                stroke-width="1"
              />
            </svg>
          </div>
          <input
            autocapitalize="off"
            autocomplete="off"
            autocorrect="off"
            class="bg-gray-100 rounded-md border border-gray-300 py-2 px-4 pl-10 block w-full outline-none focus:shadow hover:border-gray-400 focus:border:gray-400"
            placeholder="Search username"
            spellcheck="false"
            type="text"
            value=""
          />
        </div>
        <button
          class="bg-sky-500 bg-gradient-to-br from-sky-300 to-sky-500 hover:to-sky-600 active:to-sky-700 text-white shadow-sm font-bold py-2 px-4 rounded-md focus:outline-none focus:shadow-outline disabled:from-sky-100 disabled:to-sky-200 disabled:cursor-no-drop"
          disabled=""
          type="button"
        >
          Search
        </button>
      </div>
    </div>
  </header>
</div>
`;
