// Jest Snapshot v1, https://goo.gl/fbAQLP

exports[`SvgIcon renders SvgIcon unchanged 1`] = `
<div>
  <svg
    fill="currentColor"
    viewBox="0 0 24 24"
    xmlns="http://www.w3.org/2000/svg"
  >
    <path
      d="M5.22 8.72a.75.75 0 000 1.06l6.25 6.25a.75.75 0 001.06 0l6.25-6.25a.75.75 0 00-1.06-1.06L12 14.44 6.28 8.72a.75.75 0 00-1.06 0z"
      stroke-linecap="round"
      stroke-linejoin="round"
      stroke-width="2"
    />
  </svg>
</div>
`;
